// Jest Snapshot v1, https://goo.gl/fbAQLP

exports[`MinifiedUrls should render 1`] = `
<div
  class="error"
  data-testid="error"
>
  this is an error
</div>
`;
